// Vitest Snapshot v1, https://vitest.dev/guide/snapshot.html

exports[`Greeting > renders hello world snapshot with default context color (@testing-library/react) 1`] = `
<h1
  style="color: rgb(214, 118, 255);"
>
  Hello 
  World
  !
</h1>
`;
