// Vitest Snapshot v1, https://vitest.dev/guide/snapshot.html

exports[`Greeting > renders hello world snapshot 1`] = `
<h1
  class="greeting"
>
  Hello World!
</h1>
`;
